[ngantenstory.com/rita-omas/index.html]
[backblue.gif]
[fade.gif]
[index.html]
[ngantenstory.com/wp-includes/css/dist/block-library/style.min5697.css]
[ngantenstory.com/wp-content/plugins/wonderplugin-audio/engine/icons/css/mhaudiofont41f0.css]
[ngantenstory.com/wp-content/plugins/popups-for-divi/css/front5bf8.css]
[ngantenstory.com/rita-omas/feed/index.html]
[ngantenstory.com/wp-content/themes/ngantenstorytheme/style125b.css]
[ngantenstory.com/wp-content/themes/Divi/style.dev5697.css]
[ngantenstory.com/wp-content/themes/Divi/epanel/shortcodes/css/shortcodes_responsive125b.css]
[ngantenstory.com/wp-content/themes/Divi/includes/builder/styles/magnific_popup125b.css]
[ngantenstory.com/wp-includes/css/dashicons.min5697.css]
[ngantenstory.com/wp-content/plugins/popups-for-divi/js/ie-compat5bf8.js]
[ngantenstory.com/wp-includes/js/jquery/jquery4a5f.js]
[ngantenstory.com/wp-content/plugins/wonderplugin-audio/engine/wonderpluginaudioskins41f0.js]
[ngantenstory.com/wp-content/plugins/wonderplugin-audio/engine/wonderpluginaudio41f0.js]
[ngantenstory.com/wp-content/themes/ngantenstorytheme/ds-script5697.js]
[ngantenstory.com/wp-content/uploads/2020/03/cropped-FAVICON-NEW-2-32x32.png]
[ngantenstory.com/wp-content/uploads/2020/03/cropped-FAVICON-NEW-2-192x192.png]
[ngantenstory.com/wp-content/uploads/2020/03/cropped-FAVICON-NEW-2-180x180.png]
[ngantenstory.com/wp-content/et-cache/41900/et-core-unified-41900-16068275779004.min.css]
[ngantenstory.com/wp-content/uploads/2020/02/Bird.png]
[ngantenstory.com/wp-content/uploads/2020/02/section-title-img-1.png]
[ngantenstory.com/wp-content/uploads/2020/01/Nganten-Story-e1582188146782.png]
[ngantenstory.com/wp-content/plugins/popups-for-divi/js/front5bf8.js]
[ngantenstory.com/wp-content/themes/Divi/js/custom.unified125b.js]
[ngantenstory.com/wp-content/themes/Divi/core/admin/js/es6-promise.auto.min125b.js]
[www.google.com/recaptcha/apibd95.js]
[ngantenstory.com/wp-content/themes/Divi/core/admin/js/recaptcha125b.js]
[ngantenstory.com/wp-content/themes/Divi/core/admin/js/common125b.js]
[ngantenstory.com/wp-includes/js/wp-embed.min5697.js]
[ngantenstory.com/wp-content/plugins/wp-rocket/assets/js/lazyload/16.1/lazyload.min.js]
[ngantenstory.com/rita-omas/index.html]
[ngantenstory.com/wp-includes/css/dist/block-library/style.min5697.css]
[ngantenstory.com/wp-content/plugins/wonderplugin-audio/engine/icons/css/mhaudiofont41f0.css]
[ngantenstory.com/wp-content/plugins/popups-for-divi/img/spin.gif]
[ngantenstory.com/wp-content/plugins/popups-for-divi/css/front5bf8.css]
[ngantenstory.com/wp-content/themes/Divi/core/admin/fonts/modules.eot]
[ngantenstory.com/wp-content/themes/Divi/core/admin/fonts/modulesd41d.eot]
[ngantenstory.com/wp-content/themes/Divi/core/admin/fonts/modules.ttf]
[ngantenstory.com/wp-content/themes/Divi/core/admin/fonts/modules.woff]
[ngantenstory.com/wp-content/themes/Divi/core/admin/fonts/modules.svg]
[ngantenstory.com/wp-content/themes/Divi/includes/builder/styles/images/subscribe-loader.gif]
[ngantenstory.com/wp-content/themes/Divi/includes/builder/styles/images/preloader.gif]
[ngantenstory.com/wp-content/themes/Divi/epanel/shortcodes/images/shortcodes-sprite.png]
[ngantenstory.com/wp-content/themes/Divi/style.dev5697.css]
[ngantenstory.com/wp-content/themes/ngantenstorytheme/style125b.css]
[ngantenstory.com/wp-content/themes/Divi/epanel/shortcodes/css/shortcodes_responsive125b.css]
[ngantenstory.com/wp-content/themes/Divi/includes/builder/styles/magnific_popup125b.css]
[ngantenstory.com/wp-includes/css/dashicons.min5697.css]
[1.bp.blogspot.com/-FuprKxe6I3I/X3waINlnqnI/AAAAAAAAFzo/DF1N99KVgt8ZjEiaNubMyRjz17nxGNAxQCLcBGAsYHQ/s16000/AZ--531.jpg]
[ngantenstory.com/wp-content/et-cache/41900/et-core-unified-41900-16068275779004.min.css]
[ngantenstory.com/wp-content/themes/Divi/core/admin/fonts/modules.svg]
